hs]C:N.V0F(W3=?ks7vd~Iu~3?XCs~1h
hs]C:N.V0F(W3=?ks7vd~Iu~3?XCs~1h
$?FbJaTqhh2%q,VGWyc|jQa7qVubWjm$
Kr>1ZnR,F0jAHHUqAqJsIvGfer&1AIYh
r.K{p1mSA$Rt<RqM%i5HE4+bS#D{%EK$
=qYN6#kn0F?%xbpwtal8$,4XG.aNt$>h
U,Pm_M6;hh*XlO!SXSSWnFj>;UxmXn($
2pd!AZ4PF01tZY>3BK?-jNP|(qG!Bj6K
,>U?Qm=8A$iB[i<Y^CulIs<{8@d#^Ir$
eoiYgz-]0FQu%sR9X;bA*1@yv,1Bu*dK
!<waw@GMhh.^g3QeB+I1r;VujT+aYrP$
Hnnz@LE5F0&YUpm$^%4PnCBqApJz^nBK
oR2=]YZ{A$-u-z9ku8k%Mh*P{!g=uM=r
_0sMHlXg0F5C~08)YzRe-pyL#>}MY-~K
RQ7lXys2hhmYy(|qCr.:*xeH2SMlC*wr
y9)~n!q-F0U&P|]}&jttr]K&pojn&riK
;P!.4K!dA$CCD^NwvbaIQ?[#d~7@vQ,r
b8{X(X0y0F_v6}j<CTH9Me80R<|AZ})K
9O^w.k:Fhh4Dt?i3&L{X-mniFRPZD-7r
E7:yOx]aF0lZhJ5BvDj+v&Te:n0y*vs=
lNH+e~MvA$T*.T49Z<QmU{#a*0<+wUer
*6.Lu+KC0FBD+d{HD=,BQ>t?j;SLaQQ=
OMMk~WfXhh)woQK$*^s2}bZ<XQpN*}Cr
v5D0}jd%c0{*caJNw9ZQzjF]Lm@mwz{=
]iR,Fwy?A$8a:kf)a1G^v$-2?9.!av!U
Y}fWV0wU0Fp(*ueT*s=fU-3x=:s?EUx=
6hWvl-&@hhXE751}wki;:QiW@|%Y(:jU
B{k)2V%>c0FxXrzZacPu}YOS1OBxx4V=
igb-&i?oA$=(L2_<EU>Jzg;OokY-bzHU
%=pK>v,00F7b#!Gf(M$0Y!!=c7v=FY:=
Lf4jM9S:hhox2_FBxEYB,(U)Q]*M),^U
s+u9c_Qlc0WFp;blb>F2:NA^*Nbly:32
{e9>VUl7A$EbG*aHF{+Q4V&p7jy~c4RU
V-zVlhjN0F+);]wrx&h^c1xlu6_.)cD2
3d#u2u5ihh]cwB*Nb0OfY9dhi[HXyB}U
._[(&8{4c0~ykL&xF2<;,^JGWMewc,@2
fz*H>)+KA$sGBVCT)t#u8K}CKi2yG8y,
@G<JMTHf0Fac}IB4ylXJgS7..5K+_gk2
Iy+icgF+hhI_$SXZcdE0cxm9+}hLzcW,
pFA8staHcm[Gfct0GV-YB6S5!L5kdBI2
-xO<97YcA$0zTmsf_N4=!?@1zh[0H!;,
SEFU=(t)0Fr__w$%cFNn8HsZQ4N,-8&2
zwTtD<rE5hZd07#lG,;CgPYVE{kW1g4,
<DK*Tf@wcmH-xt.H_}@3FuER|K:YHFpe
cvYGjs~&A$}HO4Urz*WRB3_[&gQx-%b,
0Cmfz6;B0F;1C#TNd~D&!>2+63n-1!Ne
Fud5%*|t5h#-5+pxH3_gkEh(t=~Kek?,
mBr7;;N$cmves>oT-u3<JjNshJ>jIJ-e
(^i;KeLVA$d1J)~41mMvFr:oVfT9+Fl!
PXwTargq0FLI,:<ZHe:K%z~NJ2#>2%Xe
w%~sq5e!5h:2-D;0-W!~o:TJ,+?.foJ!
|W2&7&zScm@+nNQf1OsZkB?FzIWXJN<e
Z$%F-:xnA$ufbXP%eGC{Jg^%nHtw=J*!
7V7eBd*;0Fc2|KllI.)o(ow!bd^_3(5H
C#)4Rq^P5hKJ&Uk_+[2D%(c8PzCJJsq!
jU,]h4Akcm|f6e7r2(L4o[IgD_wi=ocH
^@{:x^.]A$,=Wo][f!|SN.{c]G(83NO!
MTCS#|TM0F^JKy[x+4~*+d6Y^cF0g+AH
t!:r|cR55hy3@lM>2vrh(ll,5yc,K(+!
}pH^Ipm{cmgK1vL4fnB>s^R:s)zW{s0H
W>VEY3kJA$OgR6hCJf(ZR=!}gF-v4Rvo
4oMdo%62<F>{F%40=X1{N<rz,bf)h[hH
?<a35]4-5h%K:{3I3Pho+aXv-x3IL+To
gnR[xE=dcmx4v.=%gH]DwiDr~({h}w(H
#;fP#o-yA$f{j-+OK?04s#)QyELj5V6o
JmtR|2G(<FNhA<I_3]qSR_1Mmai9LRr_
q:kqI$Ea5h<4{FeUg)A*[PgIaw6>}[do
+ly%Y[Zvcm$L#Pd[K@*h1XM*O*OV51P_
T|pDoDuCA$(5eZza{5z>wf|$CDluiZBo
1k4c5nsX<F2}SMy>4wgwV~0~[Z9(MV=_
>]&2)1#s5hji)W)gho[L;*Sj%v;H[;~o
d79}?#!?cmR59gFCLg9![M.f4&RJ65w_
~N-OP}<UA$?MZqEm}Ypa1U%bUCoij1iR
G6#nfC:@<F*iN1aIhQW}ZzvAIY,8NZU_
nM[pvmO>5h1[BnZsLI&p.8b>>uU<].GR
)5E$!zMRcmij4xvO}AyE;%H7_^rU7;|_
QL<C[@h0A$Q6r8uy5|f55J=30B$tN5%R
x4JbG{f:<F.NI&^Ui_}TdR5yxXA*]d2y
:KA1WB1l5K&j>[B5M#8(ZwkXlWX)7CnR
a3O{mOy7cm-]y$Aa[6oi.5QTZs&Ik.Cy
8JcN3y([X$5Nm=W~6xV,9.~PN$DhO9{R
D2Tm*!&i<Fm7a,Vgjp^x5Gq{B?a7|h!y
kIh!,=B45KU]]Hr^[hxMdOW_4Vx;8dxR
&+Y?NA?KcmCk^R#m6Ze@CtC&rr)TlCjy
NemBdNUfX$_|hb@-jRLb@2(qf#GsP@V;
u-1atxS1<F4OVO,sNJ7[9<zmT.1u:lHy
[drz0~nH5Kl8JY>O]BnqhDfiHU+(lh:;
X_6={+lccmT|!iSy7:UFGiLH<qJHPG^y
5cwME?7)X$BlzsoUk-%6Cq]D)@gg:^3;
A)~lUM5E<F)8Q3n5O$wU@y9?9,469@ob
hb=~kw{Z5K{PEp0a77dxl|R0wT}:mla;
$(%.10+&cm8l7z9~kyKMhA,6kpMSQKMb
Ka|X^-HBX$p:u0:gOq6@Gf$2B!7U;G.;
r*)Z<.Ft<FXmi(P^|imb^nua}>|t0^_b
=Z,y{La$5KF9?|Om8aT[p*aW$SP*np89
UDL+EvY.cm=Q=^k-lS$ql}GS3omGROWb
2vCLU9tqX$7mp}jsPKvFK,+]q~0f<KI9
,CQkk_r!<Fo;d?6]:Cc6)c4=e<<5n);b
euH01,@S5KWQRJ[yl;JU^kjxSRp|Rt&9
!BV,^K~nzmE0(T},P+5)p%PtGn@;<p4b
HtjW<X;9X$+R8GL5:%ljO+0p;0.T~Op9
oAavL8PP<F]nYQKD98S.KRpO(;Vso=bE
_soxb)Nk5K~<Mag~mz?y)ZVKkQs&SxN9
R?f-r>i6zmsR$kfJQruNthBGYm%F>t?E
yrtK8JgMX$a~3u2^;jb#S@*^MlYe!S-9
;.8j+W2h<FI<q5+P0bIcO)y@A8v4p]9E
b#y9C7z{5K[oHr--QT4]=Oe9{|*6T=ul
9U@>S()Jzm0~<2HV;LkrxWKh#OE:,xgE
E@4Vi<*eX$rSx!G]0DRGt2[d2kbSpWSl
lT&uyIC-<FZ!l_cbn<.7S08Zp7yrTSEE
*!;($VAG5KH>Z;y,R=tV]&Q.d]H^,]5l
OS-_:6Vyzm}p[*xh<^a_2L>;RNeE@2qE
v~?JJ*T(X$;!%](D~9HkxT#[(j2dqacl
]R[iZ;oD<F#TgB*no1{?Wyt186=fUWO*
Y0E8pHmv5KvpULDJ<sjz<7Zwv[K5.<Al
6QS<6U8^zmd,-VZt~kQO]$FsjMh|#6+*
B9JU_56XX$Lq~IYPoc,$2I-RXi[Rr20l
iPXtA&}s<(:@ySuzSUsdaQ3NL5NqVav*
%:O*Q:=#[K@UPctV>MZ|WviJ?}k%??hO
LlcGgGIUzmuqDm%6!EGs<4O(=L8Dr0T*
s|qIwTGpX$c.6wAbp>=_6,9%@h:FV6FO
{khh@gb><(KUtj?!T{ikeFo!14Qe?e]*
V]v7]^ZR[K|#htVh!&P?aNUkR{~4$D$O
3jm;H|umzm,..4U&p0>z?sAgFK>]s?1*
.[1TXFs:X$^r+#qnT2$O01&F:gTQW0mO
fi$sQS#O<(y?o+p+,tY$6;xB*3qpAiYv
@}6&gf!7[KgVc>!t@lFdeCd,7=#$%e=O
Ih(Fw%<[zmO$:)>|qd+|DhJ8uJ?^tD~v
p{~e@]:LX$>?*:<zUVhs?p}4iftEX#wO
-g=4]EO4<(%s7DRV.NOH0x7zW2^d%miv
SKB6HRM=[Kx$XNQ6qF<8i]PYK1C3tiU]
z3|:XehfzmfWLXmbU,#WH?<U.-Z[XHGv
<JGSn$f1X$Ns#K9!.}X-De@Q+HwPB&|]
c2,r4[1_<(<A2U8h#*El#ms}od(o^#%v
0IL^(D_c[K$tpe|&r~-Am&Y-czcqum2]
F1ZE.Q(xzm(%Go]nV341i{E*Q_z%YLnY
mHQdOdDEX$2X;yN+?uNPH>_rEG-DC_Z]
(ze3eqBZS(jtwljt$m;%&b2n|cIc&&LY
PGV[u}Wu[KRBkvi|Ve@e#jhj&yf2vq,]
wyj|~CUBzm?XB65z?WW:m$NI6)3}ZP)Y
|FxR}PpWX$*^}%4.$ODtL-8EtFLO&L7]
ZxoqFcn$S(1Y${{6sG_I_QnAhbiQv_sY
7b3%Vp9.[Kiuf@KEW.39&YT~Vx6pZuH6
C(tDl{7TzmQCT-J!A[MXqg?7+(]$Dq:Y
ja8c2B[!X$.Y_<fK%(:+P!^3!EOC*P^6
^*_2&O{<S(&&0Fe&t!!mL(wbzalbw{3Y
MZ@}>bJn[K-CxP1QA4sB_NcXnw;1ayo6
t&}OMoH9zm5vOZ-+%vC2uVI>b*R{EuaB
}YDQc=c|X$m&CM_Wtn)QT1{|PDo[(TM6
W^;psAakS(UZ5WG|Xf2^P96{DZ!Px|.B
4XI$9Nv6[KC*sgFcBXLI{^Oy]v,ob{_6
?%?C=atMzm_DJqb.^P|9yK;u^&U#(y8B
gWNbDn$hX$4w,1aiuH~XuS!q5C$BxXt6
#Ab1T+@3S(l*-nwEY?r+TxrPVYAab>fB
JsS{j?>J[KTanx*oC]Bm|6XLJuXzF|Ri
q?gNzM;ezmBwb8&Ku)(B{?DH,^u2)3DB
+rXm%ZP-ur)E|&CuY@12yH)&-%&}yb}i
T.lo9mNGS({a&[BQC5hQXP1#~ADOcXpB
1qz#=zib[K8(i$X1&w]^>ug0yWxnG>bi
>,qBD.g(zmpbW=tWvo0f|3Mims)@_7N%
dp5aTL2DurXxK,s7Zgq;3>7ea$GAz3?i
~>vzjYzvS(FF@H$cDYAubEmaO?dZdb-%
Go0=zl)^[K=b1R#@*Q*JXjS?CV1b_A9i
n<+M%y*Azm7)RE.iZIz0>r.<5r+1z~u%
)n$l;,CsuroFFOU*DAgY7z%]s#g{d7gi
QR]~KKA#S(Wy:YTo*|[=3:v2g.4NHfS%
x0(.aXVU[KEGvip=w_9nbBbxUU}m-EEL
:Q>Aqkqpzm+cjsoua#pCAgHtIqM!1A[%
a9KZ7xo~ur]_A3~:E6W3~o=S>@j?e~#L
8PBy->0RS(~G{p<1(x&R7(5O_,7BIjz%
D8P+BJ8m[Kszqz;?xpy&f[NK0TPa+IlL
kOGLRW]:zma_e0Q7EhfgE.:)xpmz2EXs
&7Ukhj}OurIdS(Pc(Z}<Ad~^l!0=I$JL
NNi0xwKjS([z)|l@xR8v~lqpC><M+n0s
u6Z,#<I[[K0H9^kibJoKj^Wl[SSl2jvL
[MnW|IdL-mr1Z}7*FBV~I=Ch%op~fIhs
X5eYIVb4urZ-N?]o):^ZE<(G4~@.J*T{
5isxYiw=S(HeBJ[=y-x{$azCr<VA=$Fs
A}7-ovuI[K}14TMuc$eonif.fRsZ3n]{
hhxK59%1-m;IrGL:)7{Dj#L9Tn%ygM$s
${!j)H#_ur#eIQh1yy7gI_65H0B+K-1{
Kg39?U,cS(v+>a4?cqn<*Pl1<;YL{*ms
r=^>Ph<x[KdIyk37GiUv$XRZ):vk4rY{
=f:VfuQ*-mL2mu=F_a%Knf,VlPE0KQKV
U+_uv8OZur:Jah+@zSw~M~$RZlb!{M>{
2e.w!GjuS(@f]rILdKdZ-*u[N8y?4-(V
,-}_[ThB[Ku=^2e*HCK{*Ma+B|_Yhv6{
edDJGg3W-mcJh!dRz;6orUG(}OHxLUrV
!_Ri?t1rurK3V_z=d+mDQz+s$ke-}Qd3
HzI8P7_.S(|=J;yXH%T4M84o37=K5}|V
oGW<fF(T[K,g!*):-8$S-%Mkq]Kjiz%3
_yNUvSD!-m^{z]Fd1zv*vJ|JeNhlMv2V
RFbt!fB<uryKQBE?erchrR0FSj5~[Un3
yxp*[sWQS(g4ELajIjJ>QwpB)6[.6:ZV
;Eg)G6U9NKO{7VZF+b5w}5V!9[NXM}L3
bwuIW*p|-P>huIvpeTlLz.B8wM8w[z,.
9DlhmRnkur%4iS&LILS!vG*gki:_6Y)3
Evz73e96S(xL?c^v+D?aUOycY5QJj,7.
lC#;*r7}NKfh=mBR2<u}:teYM}nLN:s3
*u5T,5[h-PN}pwA2f=bp}2K,AL~k]4e.
OY*sN&{3ur<idjWXJ^IEz<5:{h>07cQf
v^0&dQJ+S($5RtV8=945YDk}#4q,kYC.
]X+FtdeeNK(M(4rd31kTUiQz2{#WO,{f
Y%AH0qcz-P2i8###JsR(:q>vpK?v|8!.
6W]g{4xGurj[Y+@j=N.i4y#rGgW)kgaf
B$F6E^vbS(RMM~,(3Ft,c|tQ;3t-OcM.
iV>:UP^wNK?6$)>pg,axYAZM(=^K|B.f
%#KSkc$D-P*N3:S{K}HM,fFI8JZj8!_@
LUYr1p.Yur1jqDov{*{@8n-*vIw9l88f
s@P^^3>^S(i]HNn;4~jb4*f$je(>Pgt@
{TdE<%RANKQN<X02h3Q5c}L~X1FV:Fff
V!UdLOPV-P.7xK9A{u,TB,]jL-cu9BR@
3pi3bbk#ur&]lU:84ms(!c9f?Hzwm!DI
.>w5roi,S(-kZePGheZi8kob=dI_Qk}@
fon|824pNK57[oO#LWG,g%UApzfJ;J@I
@<2R+$2~-PmO%ykj}O=xF+A>d_3imFy@
InsqC[-;urU8glj(5GiMBR&|RG{8Q%kI
p;7%Sa)mp(C|Uv6pi.P@!Zx3FcL<;oWp
-m)DinE8NK_l-6[{M[>bkhdy:yiU0kII
S:!cb1CO-P48~%}v5($[g@+u*)]WnJ;p
zl{2r#XjurlPy{L;i!YqF)4T7FOvR(uI
<|^}8}V5p(TlP@K2M4FF%OjPubl)<sgp
ck:]+ZqLNKB:D-gA[v+6oWP{ix9I~oSI
0]HQCmog-P)P6<f86nhUk2<_W(;hoNEp
F7.pSz0=ur{9tF2GjfO)J0@&=ER7S+[-
mNM$i@8Ip(8QhP+#NX<j(&sq@a!;>(#p
(6DCy{]dNKpm.C-M]P#.%LYm1w,>osz-
PMRb$Y}_-PX;+MH(jHXyoTEio*UVSRlp
w5f1:lKFurFQoWGSN?ENNy_HcDru>NX-
|LW{JyIxp(=0cgc{]]-#J7eDQZ$(!+JS
Z4kNZ!d*NK7;:qyY7)4c($K?EvAHpw<-
7KbPp=bC-Pon*1x;k@N]sI[0|&ugTV*S
C3po6XwuurW<7n(eO5;rRQ86&C&6,R5-
jJ4#_ku%p(ERXx*A|w@GNvn26YD8@[qS
^2uBAx%WN=+~L8Dk8oW7+4TaWXa<q1c-
MI9aQ~?r-P]<#&ZGlgDVw,?WKtxUUwOS
t+zzg+,@&r~o2[Yq|Y__sF^S.%)t.V$z
}e#=w?STp(s~S$uM8Q3kRNw]+Ad*q;1S
W-[M@jQoN=aSG=twlIM?[sc=!W1GU5mz
4d*l]wl<-PIo;,%SPA:z+1-)zs+f.1YS
?_<nH0jQ&r[>wHA3:|!]w;3tn$Jh#ZKz
gc+@X-5lp(0pkR?Y9_srVCipb?g7r.><
#)AAn.3|N=r!BEV9m#CG;hOlPV4;V;(z
JbOZ4i+N-PZT}OUeQ6)7[p;KDrMT?56<
q(Fy(v_6&rHp$Yq$9x2V1x!G6#js$drz
+aT+.9F}p(},fi@kmpL_Z]r^t.7&sZd<
T*KLO_DKN=;TTs!)Qh|kV?X@hU|FW.Pz
1wYke,Y3-P#@_f>q;Z~?;eD9VqPH$9B<
>Dm0uhW+&rv,0p<}0Rrz5m)hJ@mgsh=c
dvd,~urep(dqazRwnJBOd&dd,,<6Wd~<
~Cr?48pzN=L.O0Q<RB($Z{JZ-TS:ACwc
GuiY()~)-P:UC(m3<:1d.>}.~ppS%@L<
nBwx.>9b&r@#5|9Bn-h|9b7;y!@rt9,c
)t~-OJ|wp(u.s^89R$]s5jm[m>.^Xh)0
QA2Ket[DN=crJ}|H<70Hd$S1DSV*BG7c
xs%ju7LYIPK#,?]$~yq8C-.w]o%G^^s0
:?79~(Jt&r|V-JNNoqAW.Q%s^~Bfu@ec
ar)>}<eAp(,$nTj)Si*-9YvR5<Y5YlQ0
8.,VFIcVN=^?bGiq>azlhgbNsRv|^KCF
D#{XVsx#IPys|Q5}!SgAG!_Jgn*RuG{0
kUCwl6v,&rg$&a4wSK[1C(2(UmEqY^!F
&@:_2*^Sp(OWik{<>C9P@Nh%I9bsCpx0
NTHJ&;$~N=>sWuK3!;p%lVN!>:_&&ljF
u!Vi>H.;IP%AKhJBp+?eh1:k_PHFvKV0
[SM8Mr>m&rxW@rf9T%&:G9~g0leeZ)HF
X~a<c5R8p(f%12eH,8yt^^qca824Dt:m
5RRUs&P]N=NXR!1$@zfI@KWBO|=]*p^F
A0ft9:kjIP<tF_-Nqr}9lSC,COKQwOfm
hQtv=G65&r$B:9_),j8XKx(:[k5Sa=RF
$9k)Dq4Lp((Xv*GT@bo+)6c4%7[r*)Dm
KPyIT4=gN=2^j]F}qTVP^?Iz4]N^wt}(
r:phj^-2IPjBABbZUL^%pH{YrNkEaS@m
=l47z|GI&rRu{Lx<.DxeOP6Ufj8dE]y(
U|&;%FEdpw?^qVwf#<e:KulQT6:3(=km
2k9T;SZ_k=*YeI*Br={t)3R}H[n[xxW(
,]-sK3XFIP1&SS&lV^7It>,-0M~|bWIm
ej#&a%sa&riC)cCH#9n9pE$*xi>RFS;(
![[(q]q*pwQv9mBrr1UXOjurl5Tq)]&P
HiEH7E!Ck=.&ZwXNVs%+=ranZ}q%y24(
o}<g-R0uIP&ZNjtx?kwmxz)jNL#DcxpP
_hJ6B2:%&r-vBtsT$cdBt:1IBhWc)Wb(
R{A:;$]?pw5D44$4sUK2SBgE}4t2y<NP
ygOSK[Mrk=mwr##ZWM6Q]gMA${^4c6?w
;KcraDK@IPU*I+.0AEm^=o|~3KC]G2zP
b3T^qQfT&rCa>~Ufs>Tfxw07qgZQ_alw
9JhE71dopw_wy)T%W{$;W[p3H3wpz?XP
E2Yd-#y0k=4Em:plA&vu<.Vb<2F$d<Jw
lImfB}wQIPlaaDo_%0cJ]dBX)+cCH6<P
*115RC&l&rT(]N~rt2J02l*T9Izb-e*w
OHr|hP%|pwBE^A<[Xt5Ya^b|we-d1D5|
vz6Rxz?Nk=)xhK;xBll=W=H{k1I3H?qw
]Gwq#@,iIP{FVUQ>^dSn<<=_Y-f[-0c|
Yy~%|{S}&r8bJeP4XV?C6a5uMH{P1iOw
6F=DIBQK@wp)!olCBNu32ikqAdLoeeA|
Bx%cYOl3k=XFzy80^FbRa#QP{zi#ID+Z
ib|2obj+IPFyQl7Iu,I&?_>Lq_6B+#0|
%(G45!5H&r=)Ev]%Y}4g0P#HeG]D20vZ
La,])=3z@w7c76[OC*k<6Xt&ScOcfih|
s*LQ?A+)k=oyu%M_&~RvefZ#Gy92JHTZ
{ZCpPN_bIPWGi{Lrv3.KD~(0;);}=&(7
V&Q$faFw&rEz?@h[Cutn?*zi(FRO3#6Z
3YeCv~a&@w+_=-4x&maC0Mfe8bonJmr7
.^Vb!+YYk=]dp<3>veH3iULavx!@=LdZ
fXj1[?ttIP~zdF=4ZW{Rez]?j(,$3HP7
@%a{GMr$&rsH;P+CDOj&D89<XErCg&BZ
IWo[WZ@V@wad(CI0*GQg#%o]{a$bKq=7
pA3Pm0~qk=I-8MeIw.,<mJU2#wA1{P~C
-sto3-;,IP[eYWd%a[sviRAx2*X{4Lw7
S?8#*.|S&r01MgzOE(ZKHw&tpDuNh_iC
zryB,LNn@wrI$qy_w!G~&5aSdZ&mLuU7
<.@aNYL;k=Ze3d)Ua4=Z#.GORvao}qGC
cq}zdlgPIPH+qnF[Evi{mG+KF&x#5P|j
0,&=t_e8DU}IHxEa(nPoLO4):^)BL{%C
Fp;Mm,z]@w;2<8a>xf>D_tj^*BGa}_2j
m>-O3KxMk=#+x&ZgbX$4&2P@7Xdz5uQC
(o?n*X*5IPvfl[vCFPYSq<<lXt1=iTCj
P<N@,k^{DUd=C$&m)HF*PD@hL%JMM|{C
wnEAN)Ag@wLJ[=^Ib?+hLisd?AgO[{!j
|RSZd>.2k=:3%,BsF]h>_qYC=W4n6yx^
Z0JytJT-IP@=gHAO))Owuy*.@s}@jXjj
7QX+0WRdDUugURWyy@<Lq|y91$MANTV^
C9lL{jmy@wc3-EsUc5#!PAe5o?jZ]|Hj
jPckE(kFk=KK~Or5GwXa{fK1cV|y73:^
^8qmU<6aIP|4yY#a_oE}yn[ZQrP+Nb^M
MOh!kI4vDU,{Pi@~zg-pu*8VE#m{]X3^
t7v?1V=C@w^hDs,gGY4ET}nR7.0N7>oM
}N0Y^i-Xk=y46f>^_QN5|,T[uU<mk7a^
W61x<*G%IPgLtpSmzI;T{c?+iqS!O3MM
4M$-L;E?DUOhKzo-dA@(yk^(W@@?|b.^
?56KbHZU@w>}.0nsH|WiX%ZsK,.Y8A_M
gi(jrUX@k=%L+(0]-_D!T+Fo.TVxl>kt
#}>98hs>fPx5o79y1#_a|R-k+pszP7WM
Jh=>+uqoDUfMc^:,e63}3Z3J!!%=:fIt
q{B.C:!0@wNi:}P5-xMpbhiFz>BMlE;M
+g|XSG<:k=<[*?OD1p:EX@OBnSvlPA&t
T=GwiT:lfP$M7Jk~eh!5>);!bo*~:~4}
1fU_ygO7DU(6XTjJIZsT7O!8|~E.9jpt
>+LJ$tMN@w2[LG6^+RC(3Wr4&<bXmfb}
deZi:|hik=jj#Q[P2J)ib2Xc6;yZQENt
~-Q8JFf4fPR62a}-fB2,A0&YtQ_y;$?}
Gde<ZS1KDU?NSkLVJ:Lx>&xUhme+0n-W
n_sUpfyf@w*7GuK]2-|M7Ld:V92Lnj9}
)zjW6s(+k=1];hgyf$~@fTJ}J:=kRIuW
QGxv_]&HfPikwr3,J7rbEy}z,PK0<*g}
xyo)$EBcDUQ7k225=yB[A77v-lh,n$SW
:F3I:R?)@w.OB!+D3q(q~$mr~85WRnE}
ax^hJeUEk=&k}_-~gi1FjISQb|[Y<M5W
8E87ZrSwf|-|$9HJKaK6fQ.MPOkx~Iq4
Dw_;p[n&DU5lf*G^{S]UEv%IDk8-o*cW
kD@T6DlB@wm8T]cPgK0)$4Y*]7:KSrO4
&v}s_Q7t8=UP_By-KCqjn,E$^]Qj>QAW
NCDuAd5$f|Cl0LxV{;A.jF_~5Nn9!M+4
uu;(Qq{VDU_:a.(]4+*yIN2jsj~>p-0?
[YIHg4+q@w4POI*bh%zN*shfg6T.Tvv4
X^?gwCH!8=l9CSD,L8g#$1NbU[qX,rh?
5XN6@PFSf|T:5cZh}z[cn;:AIM#wpQT4
A%b:]canDUBmsmYD5r9]MC~>~i?_T}F?
hWSSHpY;@w);JwunLjprIhq|y5WJ,z]4
$$grX3tP8={Q,jtJ}b?G*pW3m}ti@v$?
KVX^nBrkf|80-t%t5T&7rx^yaLC8qU1g
r#l*4O@]DUp;n4APiLy.Q]wuOhZ0U:m?
=UzG(b~M@wXnb#?zMDfyM?cTC4w,.}Bg
U@qf.o;58=F0|+VV[<}N-eIP[{(W#z=?
2T55O2|{f|=R&~U66=8#vm{L%KFvrY~g
,!v|eANJDU7ni)qbj^ocr&6_4Jc)VUw#
ep0RuNL2@wo<W:@![9V]Q{l&rf-I#:ig
!>+q~ag-8=WoKD!h61^r}>RqI2Ihr4U#
Ho$%}nedf|E~@N>&jsxG-b,m>+fjVcGg
o<]DF1zyDU+S1A<nNke7vj$i_I39?Y|#
_n(cV#)(.w]oRKR+]c{VU$XH0e{>$,%g
R;>elM*a8=~>FUnt7U7_:-DDx1LVs82#
ymK42ZCvf|sS:em|kMnk}Q)?l-6uW4nJ
;:B]&mACDUa!vo9zOEU?zY10ZH](AcZ#
blPQ>zVX.wITjb8.7>%zYgg6NdOH%BLJ
9|GpM@Ts8=[pAl|6k{wOU!M2BzlJt!,#
EkU$FLo?f|0,{v]EO&d$:(|a}_9iX8)J
l]iCVYmUDUrTq6N!|0Kd4N0WrG;8%g7q
*7Zbll8@.wZ@e%jK826|zVpSfco<tFVJ
ONn12y6>8=H,S{i&ltmsY1V]Ty!UXBHq
v6e3&!}Rf|}q)@5QPlTH,9%=H),tB!:J
]Ms[>K=0DU;@9-4+:d$88^v)<FU*^k^q
Y57PMXI:.w#UZ<{WlVvW4Kbt)br)ug3+
6LxockGl8=v#NFK|PNc-cSHp9x$IYFoq
B4!#sxb7f|d.%PJc:FJlBx=lw(XhC%a+
iK3B9~Z[DULr4Cf.9,5A,65KkEu7&oMq
%3^a=Jui.w:#rMe6m}l18?kGYa&;vk.+
LJ:zDWs482@VIW1EQ*SPgHQC}wDTZJ_q
s2_=Tj#Kf|ur>g-!;~?%FP>@$*as&(8+
{I.}jw!faUc?yq_K03ueBu#93Dxuv%tT
V+}Oz0<1.wKVmdG&nub:!3W5qZG(Zof+
3eDn%-:H82|$anFQ;mIWk>CdeYdHDNRT
.-R@;VOcf|,W]xb+0e4-gE(ZSu1g*+D+
fdIAKiM)aU^s^8xWnWklFjz.G^+6w(}T
@_WZavhE.wyAh&w|RORA%rf;;BJ:asp1
IcNyq9fZ82gWV5*c<G.1!zL[(XgSERbT
p)b+7_1&f|O%+$&.~.tPk:]18t}U(NN1
-bpL-UyBaU>A!=Cio[a%JB9wv%Mtx+?T
S(gNBh(t.w%tz,BES(He(gosMAj*bw-1
zaumRu&$82xBQHXo~!{:%oURAW7G(s9T
<*l!h8B.f|fXERtKo4jtow$N{s|fxRu1
cwz?x)?qaUN^7EsuSvQIN[uJ#$P5b[g>
0D#Y#TU!.w<BuO$Q>n,9J.a(2?0|F1S1
Fv5x|gp<82$uiY#1!fsX(dG%pV<;)wE>
mC*-Itnnf|(^?i.WpXZ+sl+!drSTyV[1
(u0KY799aU2Y=sU7TPGmo^4kR#psc;#>
PB+jo(7P.wjupfTc,H=BN=jgF.@&G[zd
wtAlhS[k82RCdpp@p?i2+<Pc:U.F_1l>
|A]~xf{63|?v;zoiT6PQwa<BvqsezZXd
ZsF.#sJMaU*&(0~*,x>^sip,j@%4G.+>
7?>X|6Hh.w1Z8(<o@p$fR#V:X,B6_;0d
CrKwI*c{82ivY7;=qhY;[_B4LTY:z5v>
j.Y_Y;aJ3|QDM^QuUZFu+P*z?pvSddhd
^#PJoeveaU.Z$}P:.R+JwXyv=!*rHZT~
MUdi5rt-.w&*3?l1#Jh0VfeU@>b^-.Fd
t@U8)5$G82-aqJ8?UBOYR~KQ1SyE19]~
}Ti<?&@y3|5wH>77.:<=[*[}oo_de5$d
W!w,P:>(aUmE<G]F#-#n1M8-cnHfId1~
4SnWfd;D.wUaxQ[@r$XCZUn*:0e5+CmG
?~2vvqPv82C(laMLV7E3Vz>r*;2|2@Y~
gRs)!4N^3|_ECki*?y-R;8#n7QKRI9KG
#07I[^iXaU4x[uhR$q4u5%tjumhq+h>~
JQ)hG|gs.wl(%h4=siNJ1JZIi95%2G(G
q9!7Wc2#82Tbgr3X?a;0ZRFEW:[DfC6n
+P{;mpzU3|B)U2=:$S@Y.w-AKPNFJ@rG
T:^T33)paU)F-!+dsKW=953~.lke=lGn
1l:V*%*>.Z{y~_I?WCDn5.i7+8:43K|G
>|Hu,]CR828)y9ejA;_CdGO3!|Q]gG%n
dk.(NEAm3|pcP*dF%+33CO;bcOnQK^2G
~]MHdoV:aUXyD]z@t%MR.toXQk~p{pnn
GjDgt2TO.ZFG6ByLX8:&92UTE7>$4lZ)
n[R60$o7:2=ctL)*%z!gh<A||]T^KKLn
)if:{[m[3|7_K.FRtrV<dD&{&NqE{),)
Q}WSED8LaUod.IE=XjCvCix_6j?d4^)n
xhkrUn64.ZWz+SaXBb)K@qdut6W3hp7)
:{btk1}=:2EHocZ:^T2~lyJqh[t[LOsQ
agp*1#Kf3|+dcmvduLLZh|}mVM^P}=e)
8K4G^}I1aU]-:Z&?YD|{GA7LJiCo5)QQ
D3uf0Cd_.Z~H*j^jC<~o^fmH!5ZqitC)
kJ95{mbc:2s17tBFu=rD@n<Dz}(%MS{Q
&2z|Ezwx3|aIX4ApY^B4l*@#nLFD[O!)
NI#RU@uEaUIeL#WLC9(SK}s0bhcc6=aQ
u1[qk{%Z.Z[+#+sv&11*G,YiP4z2MxMx
[H*%1B#u:20I2~rRvsKh^cEeD3-}[W.Q
Xz<&^l,B3|r2S)#2Zk]>pk_a]=IO6S_x
5GJF<y<WaUZ+G:@XDc0wO%2?^J3Qj]8Q
AyAeL!Q$.ZHf;D,8*UqLK+h<5f{pN2tx
hFO4b=O.:2}2wN>dZMA!)RN]s2L$]xf:
$)F]rAjT3|;JkAS#DE*atZ:2J+iC7WRx
KbTQ8Nh!aU#3BKoj*>z}phnx,I6bk<D:
r(hp+x3<VZv=}Un(w{gpO@Tt-e]1O]}x
=aY$C~1n:2dg$e0pa&[*=)?S~1l{|2@:
U*mCS+_93|L3fo9{E09hxO^Oy-9[kayx
2Zdbi?(|aU:KTb:v(2p>tWwKmH;PO?k:
,&rdyMDkVZ@g_lP;xt?wS2c)adRo|<Wa
eY63$wB6:2u{0vO2El&L]0I^Ozo#86I:
!^w[:0WM3|cKa6kA(dy!=&{@C_!Ble9a
HX~PJ-UhaUK4O%j8xVfaxL6l[GUaPau:
o%2oZ.p3VZ|LC36GbN}}WTlh%crz:?ga
_W%#pLnJ:2,h5@[#FF8pSy;dgy$290S8
RA|B6v9e3|^}s-}M),oE]7!CU)A}miEa
ys)a_97-aUyLJ<L(y}V52$r.IFXOQe[8
;?,zA_[GVZg5,FKSc*^TaIX;>bun;D#a
br{2Q,{b:2O}zPg{G~x(WQD5_xD@m#z8
9.C}gKJ(3|>inC3Yy3ei<v)10(aAQ0lD
EqQOwuHDa,%[bM2;cu{,641ZxExZ;iX8
l,Hn@8cvVZxM|W+eGm7x2,gVla)b0HJD
*pV@])a^:2f6&g-A_enMaFMRZwG1nD<8
O>MAH>vA3|N[iqHkzWU@?N|[N*d{R#*D
voaZXJ^sx,<jWddGdO%b<sm+%&+N<m58
]<oyQW$#VZ$6KncqHGw[61S(4CJm~LqD
Ynf+g7.U:2(N@xyM-.dqe;.srYg!oHck
6Rt{w(>p3|2j18x(d[KFDC%ofu4?S&]D
B0kN@<R~x,j]R&(SH(66?hvkT^}B>q$k
iQym]IPRVZRkF5*{-!mU0pbJHBMaom1D
%9@!HVkm:2?78$DY14T)ixHF<X7zSLmk
LP4?X6i:3|*Ov=Z;ev$je]=B)t|=>_Y&
s8&Yn*4Ox,1kj,YeInv.D?5!9%PM!uKk
{O9x4;2jVZi|AHuA+fcy#ek8wAmlpq>&
V7--(H-[:2QO{;tk2XJN0m:4NW0~TP(k
3N?K.U)L3|.8qE%GIP5#i&~cBs<@,{6&
.6[MO5E4x,&|eOAq+HlFH{qY}$pA@_rk
fMEle&C=VZ-lSY?M2?S6&>WU$?@Zqud&
@5<~u:XI:25:)iVwf]?U#bC:3V.yUTPN
IiJ.~GV13|mP9sUSJ)u)mj(}qrV+.PB&
p}XX}Tq_x,U9Zfq3=@bjL$z-e#sLq{=N
-hOwFgocVZC:Np@Y35I.H-fvS.%kUy~&
S{c_V^0x:2_m%z!9gw4y&QLrGUYm.XwN
zgTJl|8*{|4940>e=okNqY]n;qv!#TLu
<=hi2F]Zx,lQr(<$3gR#PglMw@*?r|,N
cfvk&S}uVZT0I7RkgY.cL!RIk,EYV3)u
0+m0>fKB:2B;>^n)KQt]_(,*YTbx?y7N
Fe1,M%IW{|)ny}mq{IaruN$$Mpy-$Xsu
m-rWc]drx,{0m?9}4AHGqVu~A!HKs>eN
(d6vsEb.VZ8RaJ8wh|{7P1aj{>eMW7Qu
PH()9RwT:2pn]>|<L_jV{9Gf#<2l$3C[
wz~I=eu!{|X<^G]34#Q__^+b2R=~sb{u
|G=hD$%<x,FRhQNBh6,kuK4ApnK.WA![
Zy%7T[#QVZ=~Vaj9Lxs?TSj>d0hXA>xu
7F|;jD,9:27S+kiH}pZz|x||;;[w%7j[
CxG>zQ<|{|oo!X5$5hGO{603(QN_tfVX
jE,VsdQkx,W>zh4NiZ=$y?py8mk+XbH[
^wLu9#l6VZESQr{)MRidXHVuv98LBA:X
MDC(=}j}:2+!E2KT[JP|TPBTj::k^~t[
tvQHDC5h{7]>7!J}iB>s|u*PXPQ0ujfX
}CegTP33x,~pu_fZM:$H33yLLl~,YfR5
WuV6jc++VZs!i9e<[-Y8y>e_?8>W^EDX
4Yj:zp_eQ2aT?*1f6$FWXEK&=|Tvu$}5
?^aS%{Fz{7I@=]-Bj7+->j[#@OqxY~@X
gXoU;BDGx,[,pB_lNyhl7rkmdk#-Cjy5
#%3tKOYbVZ0qdLGH]qOA3zQiR7?K&IkX
JWt*abWwQ2r@;.Fr7i<db:>eF]tjv*W5
q$8GqorD{7ZU(IbNNa#|AB#D:N^9Z$IA
+Vyf7=pYx,Hq8Sxx]SXs>gt?*jC>Dn;5
T#@5-A~^VZ}.YcwT7KEH7oZ076ZV*M&A
1U}|BN9AQ2;rMm*}kC-8fwF6u[wuwI45
>@&RRa|V{7##$Z&ZO;gWb[-2iM(wa*pA
dT;qhn[#x,vV3jC<|+N-A.3aWiF_*rbh
~!-sx+L,VZdrqtYf8%;l~diWK5zJwnNA
Gp?&#?JpQ2L?H4XBl8@Ajl]S@}-iaM#h
n>NF|Me~{7:V<#tl|zW1f^9]1LI8E-zA
)oEeIZc;x,@$x1sH8rDPE=o=oKf<(vlh
Q<S4YmxmVZu?l~$rlj_%$<U)cg3UxrXA
xnJ]o-v8Q2csC)#NPb3e~aAtQ3{WbQJh
:;XQ5.^O{7KA[:.x:TM:ji&pE=ivF}<$
amlp)L$jx,|W%DUT9L:tI#xl|J6))-*h
8:c$?Y.5sZ,%gNT4mD!I*_dK&f]Iyv5$
Dlq^Pl>LQ2^AUApZQ<V9$PJG62OhcUqh
k|hEfyRg{7yt-Ko09=CXnX}Ct+l7):c$
&kvdv,P=x,g%~U~fm^)+Mfj@hI9;y}OK
N]03!KkIsZOXbe<%Q92mI~P9.eR>czA$
u71[[XidQ2>^Po;l;1LB**<5+1oVGY+K
[N$P)k4_{7%BDbQ_0s|2rM@d!-!u_U0$
X66o?x2Fx,xu6lPrnk~QnUsZzH,(z:vK
5M(#P>-xsZf^tvl[Rcr^MzYVndUHd4h$
A5>BfJ)*Q2NYK68x<UBf-8E;bzrgHz>K
hL=avWEC{7<u.%7>nM(;v%_[P_A6-Y(r
$4Bc!jZux,$C+3]4RE1urJ2+DGX81,6K
KK|2[wX%sZ(Yo@[C<>KJQRhw]cu<H8rr
r3G}G<sWQ22&c-M0~{]0}w[s^y&U-4dK
=JUOWIqr{7jZ:<iIo&0Y-58Rh)Dt1cPr
U2LnmV!@x,Rv*Fh%S0q2v.nNVFa*eBB=
2fZ@3i0TsZ?Dj|4O>2AQUGTJJb)GI,=r
,+QA*v:oQe*ZXC3_!t*^QO?(,xGf+8~=
eeeZ,;]<{71*LM=Uplzf}t^%-(dh2gwr
!-syNHMQ),iD#WJ[>dg;z2w!~E17fFi=
Hdj1dUKlsZQw2gIa!V[uY<ckya+;JBUU
o_x{thf|Qe.*Sqe>pN9JUDIgmZJT=!G=
_coN0udN{7&aGddgTFp0:i{cav4s3k|U
R)3m{8y6),-(;nzC,,?Y4qiBO&}&Jg%=
yb^!EGw}sZ5Ewxym@}&=zyO,^CMF=FeU
;(8?UT&KQemxk8)Iq*ynY|;:5YjH3%Q=
ba_Ykg%3{7U(B&FsU~fC,A!4su7gg!CU
9*@x1t?+),Cb}5EO@3}3:frzg^|6Kk{2
Ew}-^7,esZ_xr$ayqu8R4nXvUBm:{J!U
lDD=<FSzQe4Ff=ZUUmo&c*DUIX0S4(x2
*v;MLSQ){7lyT,v[.eVgB})Q>t<rh%jU
OCIlbflb),T)_H&a#W^<,,1M_%S^LoV2
vu?~rsjwsZBc0;^>rOxv8cg-0Ap*}NH,
]BN.865DQe)yaEBgVGeKgk}*xW@G5J:2
YtbX+E3Y{7{GOOAC?.{~c%7$OsVfL(^,
6ASwCR+t),8cCYWmr[7ZB+mnC$s5}s32
Bsg_Se_AsZp_5isIV(n{!RSj[?%|5Ro,
i?XJLrFVQeXGsVrs?!UokZ.I%VBRiNa2
%rlLb5D#L7FzJf#O$4%Dgh%E4rYqM+M,
L.zkr&Y,),=H,p@ysvw4F@vAr#vs[w.e
s#q08QWSsZ7dzz,UWndS%)b~f.E&6sy,
{U5,+dr~Qeo-n0T5AfK*!OH7TUbFjRke
V@vWCqp;L7WHb(Sa%X6hkW=3HqyeN[W,
3T0vS4~m),E1|7o~WPm>Jehb<@_4]+Ie
.!+)i^;8sZ+-&^ngAHTwF0NXx,H]jw;!
fS$IyP|]Qe]ei}0^%?${%&:TlTeQNV&e
@~]h$cNjL7~1W?9mt]vooL~|Zp=S];4!
IR(7:pL5),sIKJ:-X)cDNTq{NoKr7[pe
p0>9J3gLsZa2@>PsB@J4JyW_B~h^k1b!
-QK>Z%egQeI+1GO]^55S(7Cu}<5EOZNe
S9BVpOz2L7[fRQkyuwl*s$(q$R[d|V?!
zPPu6bxI),02Faj,BoShoIzm3nN38;-H
<:G(_o*dsZrJ8k65^g?>NQfLq08[l59!
clUHA2^_QeZfvX[DuYuw+v{He;:|PduH
0|igQ$AFL7H=jh}~YQbL(46D<QQR:Zg!
FkZ6gN.a),}gArLJCII!s,l#)mnql.SH
m]n:waT*sC;3{2K^&A4aRFR099~%P9*o
(je<@nRCne#Kq!gPv|k}[N,6w:>D:55H
P[sU]1muL7vgey3-Z_Rp+s$ekPqc9dqo
wi7tH#k%),d{S92V&#.Ew1uaYl#2mCcH
|}x*X}6?sCLK)*+]v6t5V;aWM8?4Q.Oo
Zh!GnZ4rne:49]-bZxaTRCG<A|W];9A_
7{3f4m=@L7@{ZBH,DpH([h+]{OtQ0h+o
Cg^5(z-T),uhNLdh*h{i1pg2#k^pnG0_
jK:|.@GosCc}%.cDwZj,ZxMx27Z$RCvo
^3_RO{E0neKL4IynaRQxV]|tS]wC<@h_
MJ.TeYZQL7|5rSxJEJ,M;?0SGN(bnlTo
t2MsulXl),,}Ic(twBs@5epO;jFdRhF_
}ID&nys|sC^i>mEPa:Zb1mVK(6c3<G]R
W1RF4!qNney5yZDzE-G[Z&B)8[z[~^$_
4HIe(=!iL7gMmjZV($=q.{*^vMIPop1R
?zW4.X0}),OiatY6x7iF;>y@jifoSlm_
gGk]Ok:KsC>[]4ubbyP65belX53#>KBR
#ybQex]3ne%j^#t,Fq>Udj=hL4{B!)=y
JFppu~M+L7x6h1%h)i$)C$5d?{LDp^~R
q)gr~+KH),fNV~ADbaYM.-kC2KicTpwy
+bu^}Wfz%CNj+)?nFSF@9QQ.pg62,OiR
T(9EFj1)ne<]!:VJ)K+bhY>;d3O}pKUy
1azdVwyEL7$NzDUtyCh[dg#5R=lOT)GR
>*#3l0(w),(7Q[qPc;OqC!t1FJ9n,t|y
dZ5[2-&&%C2OEA@zG+<F@(Zw:f;@@S%;
~&*P&.BYnejk7K!V_%#69NFV*2R$qO2y
GY<o>i?tL7R|uU>6z8XUhVzR7+oCU=n;
n^+#MvU$),?OLe<bGzE)G1fNuI,b.xZy
)XA%c9SV%C*8?oR!_r-j^9L+ieU1#tL;
Q%]Ds_nqne1|=bnhzjg.@^](?1r{rS,b
xWFc9,l,L7ilplm&dENylK9s=-$NV]);
:AT2=h7S),Q8dv9nH>;NKSoo@HAm#2jb
asK}Du5n%C.P;68+-{@#GxUk1dXorxV;
8?YOT8{;ne&9(%|t1&Wc^6AJoz&#VWHb
DrPnj)+PL7-:83O|e0D]p?&Fc_DB?<:;
k.d@z>H8),5mY@NzI2_rlHxBQGaa$]^b
&qrA%gF]%Cm9M-j.1t3GKPG!Ecxzs239
N,iZ;taMneUQ$<i6elM7)u+8|y)=Waob
upwbK7Y5L7Cm3F5EId:Vt344&)GMAWa9
[>n1a(t{G!_;T|4!+V!_p>jciF1O%<Mb
Xo2{q<rg%C4nHC{K2NVkOEPYWb+nt6.9
5<%N7I@2nel0<MK&fFC?=j<UKxJ@Xe_E
An7m-s~-L7TRxWJQJ,)z)r@:.(gA%a89
hR)!B6;dG!Bnlgf+=}2Otzs}+*4Zt?tE
$0!?;*|y%C)<CTeWf*L$S:Y-!D}yX0f9
KQ{YK;NFne{R[d1|J~|d]BEvzZj+B6RE
r9CxaHLaL78~%n-c=3~|=gyrnv7{^eDl
=P:zqrgvG!p<gx_.3ursxoenb&|NuD4E
U8H=75eC%CXoU8GigmB_WwKMPCPmY#pl
2O.M-&zXneF>-&FEKe(kS[[I&Ym!C0bE
,7MlB:x%L7=S~5bo{W1?].8E6u0?&iNl
eNa~RG*?G!7!b$xK4OKz2dn$t^SYvH?E
!6R.hq^U%Co>P=wuKG]OxlT~hBpxZD-l
HMfXx4A@neWpD,*Q{.0$W^?7VX@z&#9*
o5Ww#^V>L7E!6H&14[qd<=^fJt.=vmul
_ik_||ToG!+Tt;CWh(A|6<wb,%VMZig*
R}y+IFo0%C]pKEY7L!*s2aFA-AslDHSl
yhpLYpm:ne~,.OXc}4zHai->~WB~*&E*
;{4ko38lL7sq+Yt@5vg8?#3|ysY.wq[O
bgu05%67G!a@oisiin[W<_i3P$vXam#*
9=9,)]}N%CIUcV$E}f9-6POyD?*ZELzO
Ef-W?E=ine[q:f?o5XpleX;u]VEy(_l*
l+#vPRI4i70.*p.KiP?Aaf!T^rb+x&XO
*e[)f2GKG!rUjzUuMH&1?~rP5#_Lbq+*
O-*Iv$bf%CZ#X0TQ[?yP0*XLs.Hk(P0O
vd<K![Z+neHVLwp16]f%iMD_gUe0x{vv
]HJj[DuHi7}r#7oWj)}eeUx&Uq2,b_hO
YzA9GQscG!;?2^~7N@8:Dzd#I@=?FuTv
6GO>W1#)%C#VS}<c65ot#8Jm>,KY)TFO
ByFVm#!Enev$G?;@jwVI0%}iy>5xyP]v
iFTu3}<wi7d?;JQiNo^9iJ7emS[-c{$]
%xh(*C:&G!Lsw>P*]gxXHRmDaoNKGy1v
LEYH,POB%C:$kGlo7Ye+DwS?O~kj_Xm]
swmgNzMtne@WBQ8=kQ{m#5.<C<89zTYv
{Dd6d@h$i7u%}a7uOI7Bm.%6[R:~G|K]
Vvr8W{fVG!cArk]:|An2LGv2%nn._3>v
3C6<mB1q%CKtfX[1k|UQHOEx40~Xzy(]
.uwU3Oy!ne|%ThM?O_%^&t_Wr;>wdX6Y
fY~t*y(Sij,X_ri7|#wIq22SfQT_H>U]
@^2*,!&nG!^t02hF86d9m<h]TmqJ-|GY
IX%GN=B;%CyBa!4@lxKXLDN=_9#i13|]
p%|fdA?P~egXOy3LPp6+_i:)0:Wkeb%Y
-W)5tNUkijO^C9=*:hmmuq~txPt0IA26
S$,|0aS]G!>Y5*JR9ZTBqyqpll^,+>nY
zV{;{~nM%C%us]I=PR$2P|WlZ8CW27Z6
<#CTE+l5~exCJBeX:JvQ{ACKN|ZvIfLY
cUQsU?7{ijfY,{d:9Bc^_fwGBOw)+b,6
0@H&kM[JG!N&z.zdm:JfuncC}kFI2A)B
FTVF1Z{2%C<CnIy?Q-5;T*I@$7cKf~76
m!Me^0J-~e$vbS)j;$luP}{93]zjJjsB
(pa4<-Hdij(D|cFF07SJ{,65TN-9=fe6
P>o]L.cyG!2Z&mEpny?0ycldHjI>3EQB
wofQbLa(%Cj*iZaL;quYXkRZ<6fVg$C6
|<tSrYva~eRDWjZv0ib=T%,V)[{uK~{B
Znkr89tvij?wKtvRnaIn|+$;9ML({joi
7;y^+_$CG!**@4&2RS4C3Ru[wLi_4IaB
Cm@EC,@X%C1a1#^X<Kk3yZD+kh6JKEMi
j:4dSK>s~eiwR1B8~CRRXh)wY4]i{$.B
^l&3iX;?ijQEF~Ado;.&>@1sM{O84n_i
M|9[ykPUG!.x8)W#S+tg|)goAK9<hM8%
tk-P$)N@BC&(v:sj~%a<3OMN3g;ULIti
}]?o:>i>~e-bjDr(o8HvbW|Jq3Rt}*f%
W7[qJJgRij5xA[#pSz{KAe0(e=o*5rRi
4NE%ZW20G!mF{A@L>rj~>0p%SJ!)inD%
?6<Dpjz:BCUbqK,v!jQZ7&V!Gf,IMM}i
gMJc6()l~eC)eUTRpb,{fLBk;2Uh[-@%
#5X2y<*7ij_F<eS2TTsobTvg(+$76vyL
JLO}$IC[G!4y)RoX,LZDAybc8IA;Mrk%
q4cO:VAiBClG9bn8@DGg~7HBveXT[QWL
+KTnJiV4~eTcZl0dT<=<7$=,j1us6}I%
T3h@Z*TKijB_Nv;#,=ivfI5:A-&uj-9L
1Jv$p;ofG!)G%6:j@^PKEQk4{HD(Nvus
>2mC6Hm1BC{z4%P(q9>~$vQz#dxH]UgL
df1b_U8H~H8_r3OpU1rZ~4>v2z)g7QSs
~+r1Ah6cijpdI@k{.sY{j,#Up_G6k}EL
Ge6{Q&})G!X->-jv#kFoIFtQdGd:Oz[s
n-(Ng:=EBCFHy<6;rc+DENCMRc1S|Y#L
)d~mwGIZ~H=1mF[2.Uh4$s(-Fy+UkUzs
Q_=!@TG&ij7-D|}A#MOSn1z*:)gtO:l{
xc%?]gbBd!oe]CL8rE<*M;f$*F4*|4Xs
:)|YHtZtBCW1^MKGV>#hICLnjb}G8zJ{
abGaX|u$~HEIhWg#?{X>*h]jXaMflY<s
8(,znF%.ij+eVg3M$&Ewrp9fLwj5P,*{
DaL=4S#qd!]++T2(s0-LnxoE?*7|:85V
k*CM(f,!BC~f!d+SW2g!M]UA=DP;94q{
&wQl.s<<~Hs2zn-{$tNa-?A>@ZmTmcFV
NDe~O]QnijaJQxHYsl;}*eu71v0sQB]{
uvV.eEO9d!IfE8d;Wd@prma3o&<&;,$V
[CjXuRjPBC[=7uceAVWEQ&GbcCSFm813
Xuaw~ehk~H0Ju5yA%ND5}{+XQYpeQgmV
5Boy}r36ijr3L$xktF_T->4T*u.4;cY3
At3+F[1Md!Z=?=(GX,3(vbj|7^V60BKV
hAtLVD_hBCHg=,EqB}MiUjP{uBs:n!>3
$s8klQ({~H}{pHDMt*:,Q$<_iX%SRk(V
K?y02dDJij;Kd;ZwX~!x}-@uWtBr<g63
rr@,&qBed!#4;EYSB3VMzQsqK%Y^~Fr.
=.}W>}W-BCv{(Ou3^uC@vYBm.A*Eo%d3
U#&v}CUG~Hdh8YtYum)bUg*L+WEdS!P.
2U;)FPpy6jL4Yi%9Ye25:!yH!sbf>kB3
,@--Vcn(d!:LMVAeCWLT4(eDz$y5oJ=.
eT?Klp9DBC@5$f?$&O|(zNK#n?_|S(~f
!!Nj237v~Hu}3pVkYG~iYV[0EVHR>%Z.
HSE9&B[^6jciTzU)C.r,,186|r2q!oLf
o~S>>O{Xd!K5H0qq&[Bx:9ne&#=%pN,.
_RJVMbJsBC|M<w@}v((M4^Ta6.KDTJ)f
R0XucoH#~H,ix7!wZ!1@cK?WtUhF,(7.
yQl(s2cU6j^[l^>SD4KbBSt<hq5e@ssf
;9cH9Aapd!yMC}<3*v][,xZ]Vp[4qoe@
bPqJ=Nv>BCg6[?RYwn0q86F=J!k]UNQf
9:hiDatR~HON%+n9DfqFg?-x,>8Q@+C@
Elv8Tn$m6j>jg>me*XA6cH3t-S:pqw{f
l|0<j1@:d!%]UG9$wP*UBPiSnoQ$Us!@
*k1Uz?>OB^xN-Q8kaHz)!uOOb~n^.RxI
O]$t%M;7~Hf7~a|)E?gj83;KP<~E#[j@
vj6*;ZP[6jN]bkOq(][.g>!)DRTdr+VI
][(GKmkLd!<kPXN}x)9yFEr^]nq3VwH@
Yi>fazi4B^$|Dhjwb@pN%MA@^0#[?V:I
6}=5q@4=>H(O6ri<(5?#!r&l5;?P$;t@
BhB77L2f6j28t253xw&ckzxhsQWos[fI
i{P;-Y-1d!j|K!}Bboy]J:ddgmtqW1Rp
%4GTBl)_B^Rl.y{9FgfrFBJCU9C%$ZDI
LKUsRyEc>H?8+9KH)Y}G%g}.-:ZDsV}p
s3L&h!Cx6j*Po*J$yQ87oo7;~PwcW;@I
{JZFxKXEd!1lc]fNcIoVkwm5yl(2A5yp
V2ne#XVZB^i::Be)GAV_J[S1m8F}%1k-
3Ie4|kqu>HQm*{1Ty|^k(..wa|cOtZWp
.1s]IxoB6j.9j.-}c_x?sdsVOO-QX.I-
fHj:Y~0Wd!&QXI_ZG#ezolYRCkIpB9;p
@zxSRJ8$B^-mLSG<_6{]N^EN[7f$^5&-
IG!rhW].>H5;#cFfzx7r+=_+%]3Cud4S
py3^xj}T6jmQ2PbBdpnG(<2(4N{bYCp-
-F^E#wK!d!U0SZxlHhU7sah%UjL1^.bS
S)8d|0I<B^C;GjwH-Z%VRiNoI66{u9[-
zb_3IIdn>H_n;t*rdRw_N#:k>5][Yh#S
<(.[YVb96j4<w4&NHJdk+_~g_}OPCGz-
ca}Poiw|d!lRk#Cx-BK?wPqF0Llo&ClS
0*DR5vukY^T~B1YT1:6zVX?Bxh9#v@Xz
FZ;q)9%6>HB<}~X4e-mORf^!l4;BZlJS
m&I%?_#M6j)or)tZI$T$[~w8Z{oaDh<z
(YWDPU,hd!{~f:s0+7$d1*c4NK!z*G*S
P^Ncfh<3Y^8STD$f2yv|wMIcBg,2w^5z
wXb2vuQJ>Hp!_[?%IqcsVU{Y43U}a@q<
|%S}!8Oe6jX>0A.l+iJH;z6Ur=rO*lcz
ZWgO[)j-d!FpaKU_2a5858l:fJ$nwKO<
7AunGThGY^=!OUTrfSlW1%R}TfX@a)Az
CslpWg3b>H7T^ep[JKS-ZJ,-H2uAE^+<
j?z$mt1(6jop5R!x=C?l.Rrv<+&Z(p0z
^rqC37_Dd!W,sb~>3;uA;wXr)IDbxOv<
M.5b*(FvY^ETJl<4g+b155Dn9ea1bKKc
tq*1,SD^>H+@,v;ZK%IPd.)Mw1x{F)><
},0{NfYA6j]Uz6Q0384%ZG1Ik-)N)t(c
Wp+NdsWsdo~qnsPfgzke.OgEBHdmyS6<
4>$mt6r#Y^s.b3l%KrR:9tM$}d1!FOrc
?o]!0*pU>HaU|@8l{j.th2|~$z+?)=d0
g<F#{R~p6jI#&-7_4btId<073_JByxPc
#n>BEe9~1o[.i<]rhTa9CDpfqGgactB0
JRKaUr|RY^0rWF[[LLHX@i.bec4zGS=c
q0Bzk5[m>Hr#=|Mx}D3+9q%XSyM=_]~0
+QP=1&L:6jZV@Ci>h<jPhyv>G)jMz=wc
T9dM^:JO1oH$1Mh4L=Q%G|b|;(7ldxi0
1PUl0dejY^}?RW4C}^,eCAH3(E|~HWUF
>8i~{qc[>H;sFg3059s:@f=ykaP@-<G0
dOZ.E4xL6j#$8T=Ii1Ztln5uYwmA1]|F
~7nXU^v41ovWvdJ%MsGIK*kTM*<ZH2%0
GN2Zk|^=Y^dsjnIO[k=9G}QPADSy-aeF
n6sy1c$I>HLAAxe_6ciX^,>L{Zp+1WQm
)M7+^p.16j:t{8dUMUP+pcq_#v@Le<CF
Q[xL<3>_1o@%quz[[M>mlkW&2&.kI6{m
xi!kL%RcY^uXe5_a6ErBK%C#pCVm+e!F
:}{0b]Px>Hct<$)>j>Y2)+(mdY%!2axm
ah^,rbk*6jKB)=FgN{FQ^RziRuB?f?j(
8{:W8oiZ1o|X9,EC]&+^pZfeF^YYJ0Vm
Dg_v+24uY^,^Z_am70hfOhLD8Bvx=6H(
k=.xC$2B>H^BN;ZIk2O;=@]?vX*-3e:m
&fM-S[-W]jyu%Evs]t<u))9<jtEKJD^(
N+DKiD)r1ogC4O&O7l#JtOo6X%yM=?3m
ueRjynE.Y^OYrY^ykdX0SW,2LA_l30o(
[-I9$1CT>H>&IiBUOVEYOe$x?WH~giaP
XdW>:#X!]j%C>VA5|N-==0uW=se.KHM(
5HkVJ}V<1oxvyfWa8Fgnx&aS@$2X{D@P
AzbuZCqQY^f&mps~l,NCWLGO1?=w4#y(
hGp(pm!9>HNZDzrgP};3ST+=oVh_hmkP
$yg_6z0|]j<v]0#^8*@R]y4)Fr5+LiWw
KFuJ_@:N1o$D^w@ml~W&27j^:#[L}HIP
rx9iA{]6Y^(wh7,-P3Dgx$Pp*.Nk5&;w
=Ez8QBM}>H2*V^Ts:u_<WI0l7,k0Lq&P
Uw#<glKh]jja+}S]9m3v<QpKuT8,}m4w
2D5Uwyf31oRw!?oymeMK]vVGipQW5LpP
,v*t@!d+Y^?Ez+n,QW:n24BCW!nvi_bw
eC<*]=ye>H*aQ>05;O!Ca,*@K>~xM&N|
!u+GHAwz]M1(EG;DmGV3?Fy9.S>-[q?w
HYAIAk&G1oib7Q:~Q.CR<Ne5+oTK6P-|
o^]hQx%bY^QxuaPg;[)&6sKdo~qjjL9w
_XF7g~?wTH.FLNO^0w2ge1[Zc<?9N_u|
R%T;w+,D]M&b?XkmnoL<a;8VQRW>]ugZ
yWKT@?SY1o-)=h7-Rg|v?CQ;EntVjT<|
;$Ys]MQ^Y^5Fpr6s<Y~K0h>[|0^XNP*Z
bVP&HwlATHmyd2[]~Qr~6p#+&;Cw]{5|
9#dFX0jV]MU);!}yRIBZextw6QZ_7yqZ
EUren-5#1oCc(yL,<A({D]Zstm(Jkuc|
l@i44.3,Y^__89K5~|1o#?Foh9FiOTOZ
*Tw6(L+pTH4GY*gDo_KD0e-NV:c8||A7
O!n:.v_~]MlzM]3~S#]4im3J+Pz<83+Z
vp2SO9F;1oT_$B2J>60SH&iF!l-,ly07
]>%re_DmY^Bd3{+^!xq*D{O%z8IWPXvZ
Yo7^u,Y8TH)zT.-PppAh#>9!n|3v:>h7
6<)E~KWO]M{HHIH->h*>mbo8bO{)l|TC
Bn!d}urj1o81<SdV!ZzwijUgPkLIP3F7
i;{3F8p5Y^p-xcc]pRgLH$AcD7ih:b]C
%mC[V)~LTHXelPybTJ[!&-&B]]679X$7
L::|l>9g]MF1CZx,,B9aqQx,^N]9m>1C
slHR2J|=1o=I[j(h@:p}mYd:5Ml>Q7Pj
{|.q&t[Iv^7estEDq-?pLgJ4Vi9V;fBC
VkM%>7LdTHo+g4DnU$&E_!}zJ5;u0b=j
3OaDM(g_]MWIUqZJ@7y5&(7v,}R(nA~C
.7Rcc<eF1oE2-1YtqyfTqNPU-LoHR~wj
fNf2sIzxv^+J~~uPUq}(PV<Q~h!g<7iC
@6W}9Vx*TH]fb)^z.i8i{1@My4UinfUj
IMkO=6*C]M~=P:%V#ao!_9s-m{r8REG^
p5yQD*^u1osJDDA6rSVau^Y*aK$<<$|j
-LppT;A%v^a36[?bVK^}TKE$OgAU~~%^
S44$jH.WTHI=tAV!?CxpPS_nC3Xtoj2j
zKuCcUTr]M[gKKUh$;eE{x2j5=u*SIn^
<39bs5R@1o03.Uq&V+{5y6hfsJDG>EZM
cJ-19&mTv^rK1e@n?%7Tu?NEgfaI!$L^
02#{=:koTHZ4oR!+$8n(TH8AU2xhpn,M
Ff[NDG6<]MH{cb>tszUi|Pn>I+)7Tjx^
m+*mTT4Q1o}h:l<|Wr%,3uT7>IG;,IjM
(e<oj4=lv^;4*vRzAjwxy3?3_edTp*V^
P-J#z^-|T_#Lj6n.%bdMX>^y01+sTrHM
wdAB%|GN]MvhXsm6tTK@>EwXx-J&,n:t
|_Oa;FE61od}L39EAL6b|McTlHgF@M^M
ZcFzKSZ}v^Li#@8!%Dm[3rIPZd4Hq-3t
7)T=afXKT_:52-|ht<Tqbz{{[z}gU*oM
CbhMq%s3]M@MS<O&X=$FX:6_%_M6.rat
j(Yl7]q++ouiG(NnB^v6>BOu4Gj:#QM}
^am~-E!ev^c[9|j+^9cU7g;qrc|Sr}.t
M*d.BR0zT_KMwCitu1J)fo!mfbPrV-_}
twrARe:)]M|6kM5|Ys5jbwrLTxm^#v8t
}D6Zh$]b+o,[BW}z^kl.A[XHH(0*rUt}
Wvwyx[Mwv^^j}g{.ucSy~.DD<E<GVQft
4C~+#DKDT_y]rTK6YU#N7d)#)aSf?}R}
?u2L|QfY]MgNfdJECMu#fl109w@5$z&W
gB%kIddt+oO7Tnf!&EbcE^g6Z*.|sv4}
#t|0Y#yAv^>]_x2Kv>I]$=MeNDVRWUpW
JA),o}wVT_%k081&Z{4r~<7aBZsqA:b}
qs,W5C&#]Mx7au-QD&kGjamW}v%s%4NW
+?{Y)P%,+ofOO5_+v0R7IiS<$&B&tz?4
TrCx?c?Sv^Nk^$GWZ2..E#.]3CvFXY-W
1.Q-P@U~T_<|5=F|Dtty$_%=qY*e%,94
>#HKf{S;]M$ls,bc*laNnPvxeuE4t:uW
dUVjvBnm+o(8J_x.wdH#jXbtS^b]X4g4
~@M9!Ol8v^2P,;wiaV3cIfHpGByQBcS?
GTa>5b7]T_jlzE*EENj]*~=O9X_S^BE4
n!oV)o5jOMR:nO&o(FQrr*5Kwteru,[?
)Sfu?={5+o?PbYCKa,,GnMNGk%2^Y8#4
Q~twPA+Lv^*9|LYuE}s7MU:^YA=ECgz?
xRk_fNHgT_1Q&VXQ(*ZV-z~@MWKd&cl4
:0yJvaF2OMimift1x~G_*8qlAsh3vBA?
aQ@i!naI+oQ;WpsWb3=kr%Wh{$5[Z!+g
8948[+Ydv^.Q=z$7Fui?QJCd#?N|&80?
DP&<G?t_T_&0@0?c)mPzMR(C2VkRvgvg
k:9UWMrFOM-;1w.@ye>O-wz.pr8qZFh?
&l-tmZ@a+o5nR7UiFWr$v5f;Gq:%D%Tg
N|?*3m~*v^m0F^T*)OYdU.L5;@QD*!F#
uk[)*-;CT_UR8}poyGF|QG61(,ncwk]g
[]EI,.|uOMC~v?!=c.+s}Olw8T>2aJ$#
XjShNLN%+o_<j+~uG[hHztRVvpT4EF1g
5[J7dYL?vt4oA><:_(O8v2,Rj!q](%m#
AiX;tlgrT_l~{G;1z!<WU<$NX>#QxoYg
h}OT0_e@OMTSqQQ?d4#-:Du+LS?pENK#
$hcs{,zT+oBoeaP7_vXl}ia(?oW$(J>J
K{q&EKxovt)><NlFznEAzqG%=~^Cx((#
r4hFUX*0q_{S)X8@df-1Yy+op<Cbbs6J
=KvHkk^QOM8!9h7LHXgP,|4kdRZdFoU#
U3mg1xAl+opTZr]*-PN%:AMgRnw3)NGJ
2J16^>.|vtXpN2[o1H;e4f|FF0([y+|q
,2$:<JTNq_F,%oM=e?@:cn0B:;FPc(%J
eI6SLWRiOM=T4yiuI]WWY*p,*QzoGs2q
!1(rbjm}+o7@r9h:1)D-,}V87m-#_RnJ
HH~^rwkKvto,I*41e@_l8,B4u9IBz[Zq
oz=E8<63q_Wq>]3?I53Agc*zi:fDG+LJ
_GBd+I}+OME.yB=7+wM1ckyYWP3c_w,q
Ry|3CV=H+o+Um{JF2o:PB%eU=l{2zV)+
yFG5<iIzvt]#D.I@fg!%!+K:@8i}dR7q
;),|LvG)q_~.]IeLJYVe8R5}1|6OH[s+
bbLRb;bEOMsr^Sd*=QC:gZk-oO]n-1eq
9(ZqrHZw+oa#hczRfI)tFhQvckO@1ZQ+
EaQ%8Uu&vtIVVP_=JA2IB@>rQ7l$eVCT
l*eD+hsYq_[r+Z)X=|L9!)#nE69CI;3+
*ZVcCu#tOM0?!jF:3_|XkOtM|[Rb+5oT
O&j2S8!$+orsctEdg#~+JWZI&Mo121a+
vYx}iG<V*tZ$Q4a?K6rmFeFE6i!{IZMT
]^o]yT:qq_HWEqwj{xBB%0-$t5,N+..1
YX3Q$gO,OM}s71vF4p(2o&3~K}Um2;_T
6%tp:tMS+o;Au~&pKh1QkLL7.Lrof581
BW8$J7hn*t#WL)^L{ZK^JT]f+hA#JdtT
iA_CZFf;q_v%?:Bv4R]f(y9b!4XB=Cf1
%s@bpS1POMdA=&ARhJ0;%7oXz{ua3.RT
L?}16fy8+oLtp[W2LBquo$U>nK&zg9D1
sr&{_s(]*t:BdAsX}:AJNIA|bgD=Kh}>
{.;NA6&Mq_@X;Kr85-*0+Q&{P3aM{d@1
VqIPQEB5OMu^(U#di$zY(vxyD=)O4Cy>
3,?ogR?{+ocBke@#M7g=s4du]JGnK@k1
.pN#weUg*tKuYR,j5y[nR,Jqtfd@{lW>
f>EB@rS2q_|^MbT(iq9CNF4Ph21A4h-d
@oSa]5n-OM,Y$lSpMip3+NjLV++ZhG9>
I<gzHDld+R^&3vo{[a?RwsP_JIJyL^ud
pnX=XQ7y*tyCT6nv6S&us1<&,e4+}@g>
-RlMnd5Fq_gvHs0;jKyJR;@#-1}{5lSd
S0cl4q{aOMO&<3;2NCf0[Csm~-MNiKE>
zQqn(4+vJR>Zx@:A];}Y1hYiyHjmMG[d
<95@.^HC*t%vl-P8j+8=wpEemd7![^#~
cPvAOPFXq_xDC<OGN%onVx_Daz|?ipzd
080Zeca%OMfZ[(k#]8VC;]2?]_mYMOl~
FO1yupv?JRN*s|7M7z^3[?K<^)0x[KXd
m7$+n3tU*t<agC6(krxR1e[65F<z6)J~
(N]L4%$@q_$wUM[SOje&Zm82sbS=jt<G
P6(k(O@>OM(E-W}{|b{g.&nxgxpMNp*~
wM>0.b>oJR2a~JLv8T7<;{TWU(@l]O5G
|[=,Oo;0*tj(bTK;OLnv5>?SIE.~7=q~
ZiB?e2P:q_REPdg2|DUKdb^O>as.kxFG
7}PYu$NlOM?xDn3A8<%~Zjw=_w%XOt]~
ChGx~Ni7JR*F6x28l=wZ.$c)0*BZ|S$G
j{U-}agN*t1bt8+GP^d{9-I^aDYyk]1n
^gLKFn2iq_i)Ku-#:9=o5Q3pOZv+O=mG
M=ZjV1z4OMQF.5HM916DdYilCv*L|xYn
tfn9l#)KJR.y1$d(msm4CgOh[&bk8WKG
}+e>2M*f*t&)o=cS:kTS@!;G%Cy0lS>n
WesV&ZC+q_-cc,y{9c$*9(!C4Y_,P]()
4-jX>mAHlM5y:_xYmUvhhNr.ruH?:26n
?dxwMzVcJRmG*;(;QMc>GVX9f^eY9ar)
gH!_c@T)*tUzjEEe;EJwC1D5TB2xmWdn
#z3Js{oEq_C_XODA0>5L@9)dHXK-Q<P)
JG^i9YmwlM_dLYZkn{l!l^1Z0thK;6BQ
qy88=l8&JR4z#LYGR&SahKJVx%5jm2=)
+F_<Dy6B*tlH2Vuq00#}GS};lA[9QanQ
Tx.UT!}tq_TdSf^Mn2up^x7[ZWN~;?Z)
1E}tj==$lMB-Gp%wRtb*p6m+Nsk.00LQ
>wDvzXIVJR)H9zAS<lIhl?SwB$:Xn6,)
dD;)%kGq*t{1wm?3~d4>KH.s}?QwRe)Q
~vII;xb!q_8IkwVYoVkw)P%o$.n_<D7x
GCWhK~ZSlMpeB7r9SNRL^uvN3U~J~?sQ
nuN7a+unJRX+}^qe>F.!p3bJqq>io0ex
)Yb;qWs;*tFIr}@$o,taO>HFH@TkSiQQ
Q^ST7j#Pq_=2f?!kS}a}KE2%<,#0>eCx
xXgs-w!kl}7+T+>)>*Hp)Mh!)T?,oD{:
:%u&%0<]JRof_><q!~3EtrN89pWWS#!x
aWl(;-QM*tW=0GR}p3j5Sz:gw!tv>mx:
8$zHK.O5#_EJaQnwTuQTO:~ck>^)!ijx
DVqgaij{l}+3Oam<,m,(=BqYYSCIpHV:
k#56qvhJJR]=^N93@esixgW,MowKT&Hx
&U*:7932*t~g5X8BTWZ,toC:A~(j,#8:
N@0S-_1-#_s3sh|9,OGxSw(}{<F9@mta
uT+rB,_dl}aKJrOH@G=M][zzqRc>qLf:
[!$^Rh(yJRIg,2N$q.i@2.IvenzVU_Ra
Xp]EhuD(*t[{zojNU[Pbxd{US0-u@&D:
5>FGx8Ba#_0hnyi).(>[Wl6QG;f(qq}a
Ao>f#)Wvl}r4b95T#!rq<^lM;Q3_UP@8
h<K5|>UCJRZL|*}}r4YF]=R-(m{J.Lya
$nB|IgpX*tHh&]{Z.vF62<,*89Li#_k8
K;PRYtns#_}}i%K<#n+Uaa$$v:i8ruWa
rmdqo79?l};LW{J3rfh)WiunjP6<VqI8
=:U%5(7UJR#5=.fBVXOj<#ajXlOU?P;a
UliD)<[@*tv}@I29?P<.6_GfL8lt${&8
2|Zc?f{>#_di1S1H$H#yeP1E#|9vsy4D
,kn2PsJRl}L[Rc-$s?XNaXgA2O;)Wup8
eO24f6H0JR:MFP_NW]E#?fM>pNRI$TbD
!7s]v*c:Et@68ZG)$)-F0~|7djohs|[8
HN7Q!;al#_u[vjFTs@g66*03R6,7W{#D
o6xp[Hv7l}cjMtb}W5NUeMpyF[U;Ayzk
_M!$Grt[JRK6A4xZAw;)DUVX:MrT%XlD
R5{CW5$iEt|N{qw<%o@j?zBT*i$Vt>Xk
yL^bm&@4#_,7q1*ftgW.08*P75AuX|JD
;4:13:>Kl}^]e~&BXYDyi%y{u}X(B3<k
bK_{*G;fJRyk<)ClBQ_NHJH_LL&H^b*&
93.[,qP1Etg7):YH^I3#DR=&?hDguX5k
EJMPN4NH#_OO9&XrXAMc#w5q=4a6Y>q&
